Turbo Assembler	 Version 3.1	    03/25/22 17:16:41	    Page 1
LAB4EXE.ASM



      1	0000			     .MODEL SMALL
      2	0000			     .DATA
      3	0000  48 65 6C 6C 6F 20	57+  msg     db	     "Hello World!", 0Dh, 0Ah, '$'
      4	      6F 72 6C 64 21 0D	0A+
      5	      24
      6	000F			     .CODE
      7	0000			     program:
      8	0000  B8 0000s			     mov     AX, @DATA
      9	0003  8E D8			     mov     DS, AX
     10	0005  B4 09			     mov     AH, 09h
     11	0007  BA 0000r			     mov     DX, offset	msg
     12	000A  CD 21			     int     21h
     13	000C  B4 4C			     mov     AH, 4Ch
     14	000E  B0 00			     mov     Al, 0
     15	0010  CD 21			     int     21h
     16				     END program
Turbo Assembler	 Version 3.1	    03/25/22 17:16:41	    Page 2
Symbol Table




Symbol Name			  Type	 Value

??DATE				  Text	 "03/25/22"
??FILENAME			  Text	 "LAB4EXE "
??TIME				  Text	 "17:16:41"
??VERSION			  Number 030A
@32BIT				  Text	 0
@CODE				  Text	 _TEXT
@CODESIZE			  Text	 0
@CPU				  Text	 0101H
@CURSEG				  Text	 _TEXT
@DATA				  Text	 DGROUP
@DATASIZE			  Text	 0
@FILENAME			  Text	 LAB4EXE
@INTERFACE			  Text	 00H
@MODEL				  Text	 2
@STACK				  Text	 DGROUP
@WORDSIZE			  Text	 2
MSG				  Byte	 DGROUP:0000
PROGRAM				  Near	 _TEXT:0000

Groups & Segments		  Bit Size Align  Combine Class

DGROUP				  Group
  _DATA				  16  000F Word	  Public  DATA
_TEXT				  16  0012 Word	  Public  CODE
